Archive member included to satisfy reference by file (symbol)

d:/cources/embeded_cources/arm_microcontroller/arm (ahmed-assaf)/arm_imt/arm_material/imt_arm_course/02- tools/03- imt sdk/imt_sdk_win_64/winarm/armgcc/bin/../lib/gcc/arm-none-eabi/7.2.1/../../../../arm-none-eabi/lib/thumb/v7-m\libg_nano.a(lib_a-errno.o)
                              ./system/src/newlib/_sbrk.o (__errno)
d:/cources/embeded_cources/arm_microcontroller/arm (ahmed-assaf)/arm_imt/arm_material/imt_arm_course/02- tools/03- imt sdk/imt_sdk_win_64/winarm/armgcc/bin/../lib/gcc/arm-none-eabi/7.2.1/../../../../arm-none-eabi/lib/thumb/v7-m\libg_nano.a(lib_a-impure.o)
                              d:/cources/embeded_cources/arm_microcontroller/arm (ahmed-assaf)/arm_imt/arm_material/imt_arm_course/02- tools/03- imt sdk/imt_sdk_win_64/winarm/armgcc/bin/../lib/gcc/arm-none-eabi/7.2.1/../../../../arm-none-eabi/lib/thumb/v7-m\libg_nano.a(lib_a-errno.o) (_impure_ptr)

Allocating common symbols
Common symbol       size              file

errno               0x4               ./system/src/newlib/_syscalls.o

Discarded input sections

 .text          0x00000000        0x0 ./system/src/stm32f1-stdperiph/misc.o
 .data          0x00000000        0x0 ./system/src/stm32f1-stdperiph/misc.o
 .bss           0x00000000        0x0 ./system/src/stm32f1-stdperiph/misc.o
 .text.NVIC_PriorityGroupConfig
                0x00000000       0x14 ./system/src/stm32f1-stdperiph/misc.o
 .text.NVIC_Init
                0x00000000       0x58 ./system/src/stm32f1-stdperiph/misc.o
 .text.NVIC_SetVectorTable
                0x00000000       0x14 ./system/src/stm32f1-stdperiph/misc.o
 .text.NVIC_SystemLPConfig
                0x00000000       0x18 ./system/src/stm32f1-stdperiph/misc.o
 .text.SysTick_CLKSourceConfig
                0x00000000       0x18 ./system/src/stm32f1-stdperiph/misc.o
 .debug_info    0x00000000      0x52a ./system/src/stm32f1-stdperiph/misc.o
 .debug_abbrev  0x00000000      0x183 ./system/src/stm32f1-stdperiph/misc.o
 .debug_loc     0x00000000      0x16c ./system/src/stm32f1-stdperiph/misc.o
 .debug_aranges
                0x00000000       0x40 ./system/src/stm32f1-stdperiph/misc.o
 .debug_ranges  0x00000000       0x30 ./system/src/stm32f1-stdperiph/misc.o
 .debug_line    0x00000000      0x200 ./system/src/stm32f1-stdperiph/misc.o
 .debug_str     0x00000000      0x415 ./system/src/stm32f1-stdperiph/misc.o
 .comment       0x00000000       0x7f ./system/src/stm32f1-stdperiph/misc.o
 .debug_frame   0x00000000       0x6c ./system/src/stm32f1-stdperiph/misc.o
 .ARM.attributes
                0x00000000       0x33 ./system/src/stm32f1-stdperiph/misc.o
 .text          0x00000000        0x0 ./system/src/stm32f1-stdperiph/stm32f10x_gpio.o
 .data          0x00000000        0x0 ./system/src/stm32f1-stdperiph/stm32f10x_gpio.o
 .bss           0x00000000        0x0 ./system/src/stm32f1-stdperiph/stm32f10x_gpio.o
 .text.GPIO_DeInit
                0x00000000       0xb8 ./system/src/stm32f1-stdperiph/stm32f10x_gpio.o
 .text.GPIO_AFIODeInit
                0x00000000       0x16 ./system/src/stm32f1-stdperiph/stm32f10x_gpio.o
 .text.GPIO_Init
                0x00000000       0xa6 ./system/src/stm32f1-stdperiph/stm32f10x_gpio.o
 .text.GPIO_StructInit
                0x00000000       0x10 ./system/src/stm32f1-stdperiph/stm32f10x_gpio.o
 .text.GPIO_ReadInputDataBit
                0x00000000        0xc ./system/src/stm32f1-stdperiph/stm32f10x_gpio.o
 .text.GPIO_ReadInputData
                0x00000000        0x6 ./system/src/stm32f1-stdperiph/stm32f10x_gpio.o
 .text.GPIO_ReadOutputDataBit
                0x00000000        0xc ./system/src/stm32f1-stdperiph/stm32f10x_gpio.o
 .text.GPIO_ReadOutputData
                0x00000000        0x6 ./system/src/stm32f1-stdperiph/stm32f10x_gpio.o
 .text.GPIO_SetBits
                0x00000000        0x4 ./system/src/stm32f1-stdperiph/stm32f10x_gpio.o
 .text.GPIO_ResetBits
                0x00000000        0x4 ./system/src/stm32f1-stdperiph/stm32f10x_gpio.o
 .text.GPIO_WriteBit
                0x00000000        0xa ./system/src/stm32f1-stdperiph/stm32f10x_gpio.o
 .text.GPIO_Write
                0x00000000        0x4 ./system/src/stm32f1-stdperiph/stm32f10x_gpio.o
 .text.GPIO_PinLockConfig
                0x00000000       0x10 ./system/src/stm32f1-stdperiph/stm32f10x_gpio.o
 .text.GPIO_EventOutputConfig
                0x00000000       0x1c ./system/src/stm32f1-stdperiph/stm32f10x_gpio.o
 .text.GPIO_EventOutputCmd
                0x00000000        0xc ./system/src/stm32f1-stdperiph/stm32f10x_gpio.o
 .text.GPIO_PinRemapConfig
                0x00000000       0x60 ./system/src/stm32f1-stdperiph/stm32f10x_gpio.o
 .text.GPIO_EXTILineConfig
                0x00000000       0x2a ./system/src/stm32f1-stdperiph/stm32f10x_gpio.o
 .text.GPIO_ETH_MediaInterfaceConfig
                0x00000000        0xc ./system/src/stm32f1-stdperiph/stm32f10x_gpio.o
 .debug_info    0x00000000      0x7c9 ./system/src/stm32f1-stdperiph/stm32f10x_gpio.o
 .debug_abbrev  0x00000000      0x220 ./system/src/stm32f1-stdperiph/stm32f10x_gpio.o
 .debug_loc     0x00000000      0x577 ./system/src/stm32f1-stdperiph/stm32f10x_gpio.o
 .debug_aranges
                0x00000000       0xa8 ./system/src/stm32f1-stdperiph/stm32f10x_gpio.o
 .debug_ranges  0x00000000       0x98 ./system/src/stm32f1-stdperiph/stm32f10x_gpio.o
 .debug_line    0x00000000      0x393 ./system/src/stm32f1-stdperiph/stm32f10x_gpio.o
 .debug_str     0x00000000      0x57c ./system/src/stm32f1-stdperiph/stm32f10x_gpio.o
 .comment       0x00000000       0x7f ./system/src/stm32f1-stdperiph/stm32f10x_gpio.o
 .debug_frame   0x00000000      0x170 ./system/src/stm32f1-stdperiph/stm32f10x_gpio.o
 .ARM.attributes
                0x00000000       0x33 ./system/src/stm32f1-stdperiph/stm32f10x_gpio.o
 .text          0x00000000        0x0 ./system/src/stm32f1-stdperiph/stm32f10x_rcc.o
 .data          0x00000000        0x0 ./system/src/stm32f1-stdperiph/stm32f10x_rcc.o
 .bss           0x00000000        0x0 ./system/src/stm32f1-stdperiph/stm32f10x_rcc.o
 .text.RCC_DeInit
                0x00000000       0x40 ./system/src/stm32f1-stdperiph/stm32f10x_rcc.o
 .text.RCC_HSEConfig
                0x00000000       0x38 ./system/src/stm32f1-stdperiph/stm32f10x_rcc.o
 .text.RCC_AdjustHSICalibrationValue
                0x00000000       0x14 ./system/src/stm32f1-stdperiph/stm32f10x_rcc.o
 .text.RCC_HSICmd
                0x00000000        0xc ./system/src/stm32f1-stdperiph/stm32f10x_rcc.o
 .text.RCC_PLLConfig
                0x00000000       0x14 ./system/src/stm32f1-stdperiph/stm32f10x_rcc.o
 .text.RCC_PLLCmd
                0x00000000        0xc ./system/src/stm32f1-stdperiph/stm32f10x_rcc.o
 .text.RCC_SYSCLKConfig
                0x00000000       0x14 ./system/src/stm32f1-stdperiph/stm32f10x_rcc.o
 .text.RCC_GetSYSCLKSource
                0x00000000       0x10 ./system/src/stm32f1-stdperiph/stm32f10x_rcc.o
 .text.RCC_HCLKConfig
                0x00000000       0x14 ./system/src/stm32f1-stdperiph/stm32f10x_rcc.o
 .text.RCC_PCLK1Config
                0x00000000       0x14 ./system/src/stm32f1-stdperiph/stm32f10x_rcc.o
 .text.RCC_PCLK2Config
                0x00000000       0x14 ./system/src/stm32f1-stdperiph/stm32f10x_rcc.o
 .text.RCC_ITConfig
                0x00000000       0x18 ./system/src/stm32f1-stdperiph/stm32f10x_rcc.o
 .text.RCC_USBCLKConfig
                0x00000000        0xc ./system/src/stm32f1-stdperiph/stm32f10x_rcc.o
 .text.RCC_ADCCLKConfig
                0x00000000       0x14 ./system/src/stm32f1-stdperiph/stm32f10x_rcc.o
 .text.RCC_LSEConfig
                0x00000000       0x20 ./system/src/stm32f1-stdperiph/stm32f10x_rcc.o
 .text.RCC_LSICmd
                0x00000000        0xc ./system/src/stm32f1-stdperiph/stm32f10x_rcc.o
 .text.RCC_RTCCLKConfig
                0x00000000       0x10 ./system/src/stm32f1-stdperiph/stm32f10x_rcc.o
 .text.RCC_RTCCLKCmd
                0x00000000        0xc ./system/src/stm32f1-stdperiph/stm32f10x_rcc.o
 .text.RCC_GetClocksFreq
                0x00000000       0x84 ./system/src/stm32f1-stdperiph/stm32f10x_rcc.o
 .text.RCC_AHBPeriphClockCmd
                0x00000000       0x18 ./system/src/stm32f1-stdperiph/stm32f10x_rcc.o
 .text.RCC_APB2PeriphClockCmd
                0x00000000       0x18 ./system/src/stm32f1-stdperiph/stm32f10x_rcc.o
 .text.RCC_APB1PeriphClockCmd
                0x00000000       0x18 ./system/src/stm32f1-stdperiph/stm32f10x_rcc.o
 .text.RCC_APB2PeriphResetCmd
                0x00000000       0x18 ./system/src/stm32f1-stdperiph/stm32f10x_rcc.o
 .text.RCC_APB1PeriphResetCmd
                0x00000000       0x18 ./system/src/stm32f1-stdperiph/stm32f10x_rcc.o
 .text.RCC_BackupResetCmd
                0x00000000        0xc ./system/src/stm32f1-stdperiph/stm32f10x_rcc.o
 .text.RCC_ClockSecuritySystemCmd
                0x00000000        0xc ./system/src/stm32f1-stdperiph/stm32f10x_rcc.o
 .text.RCC_MCOConfig
                0x00000000        0xc ./system/src/stm32f1-stdperiph/stm32f10x_rcc.o
 .text.RCC_GetFlagStatus
                0x00000000       0x28 ./system/src/stm32f1-stdperiph/stm32f10x_rcc.o
 .text.RCC_WaitForHSEStartUp
                0x00000000       0x30 ./system/src/stm32f1-stdperiph/stm32f10x_rcc.o
 .text.RCC_ClearFlag
                0x00000000       0x10 ./system/src/stm32f1-stdperiph/stm32f10x_rcc.o
 .text.RCC_GetITStatus
                0x00000000       0x14 ./system/src/stm32f1-stdperiph/stm32f10x_rcc.o
 .text.RCC_ClearITPendingBit
                0x00000000        0xc ./system/src/stm32f1-stdperiph/stm32f10x_rcc.o
 .data.ADCPrescTable
                0x00000000        0x4 ./system/src/stm32f1-stdperiph/stm32f10x_rcc.o
 .data.APBAHBPrescTable
                0x00000000       0x10 ./system/src/stm32f1-stdperiph/stm32f10x_rcc.o
 .debug_info    0x00000000      0x8b4 ./system/src/stm32f1-stdperiph/stm32f10x_rcc.o
 .debug_abbrev  0x00000000      0x1f7 ./system/src/stm32f1-stdperiph/stm32f10x_rcc.o
 .debug_loc     0x00000000      0x6b8 ./system/src/stm32f1-stdperiph/stm32f10x_rcc.o
 .debug_aranges
                0x00000000      0x118 ./system/src/stm32f1-stdperiph/stm32f10x_rcc.o
 .debug_ranges  0x00000000      0x108 ./system/src/stm32f1-stdperiph/stm32f10x_rcc.o
 .debug_line    0x00000000      0x47e ./system/src/stm32f1-stdperiph/stm32f10x_rcc.o
 .debug_str     0x00000000      0x666 ./system/src/stm32f1-stdperiph/stm32f10x_rcc.o
 .comment       0x00000000       0x7f ./system/src/stm32f1-stdperiph/stm32f10x_rcc.o
 .debug_frame   0x00000000      0x220 ./system/src/stm32f1-stdperiph/stm32f10x_rcc.o
 .ARM.attributes
                0x00000000       0x33 ./system/src/stm32f1-stdperiph/stm32f10x_rcc.o
 .text          0x00000000        0x0 ./system/src/newlib/_cxx.o
 .data          0x00000000        0x0 ./system/src/newlib/_cxx.o
 .bss           0x00000000        0x0 ./system/src/newlib/_cxx.o
 .text._ZN9__gnu_cxx27__verbose_terminate_handlerEv
                0x00000000        0x6 ./system/src/newlib/_cxx.o
 .text.__cxa_pure_virtual
                0x00000000        0x6 ./system/src/newlib/_cxx.o
 .debug_info    0x00000000      0xf94 ./system/src/newlib/_cxx.o
 .debug_abbrev  0x00000000      0x300 ./system/src/newlib/_cxx.o
 .debug_aranges
                0x00000000       0x20 ./system/src/newlib/_cxx.o
 .debug_ranges  0x00000000       0x10 ./system/src/newlib/_cxx.o
 .debug_line    0x00000000      0x47b ./system/src/newlib/_cxx.o
 .debug_str     0x00000000      0x807 ./system/src/newlib/_cxx.o
 .comment       0x00000000       0x7f ./system/src/newlib/_cxx.o
 .debug_frame   0x00000000       0x40 ./system/src/newlib/_cxx.o
 .ARM.attributes
                0x00000000       0x33 ./system/src/newlib/_cxx.o
 .text          0x00000000        0x0 ./system/src/newlib/_exit.o
 .data          0x00000000        0x0 ./system/src/newlib/_exit.o
 .bss           0x00000000        0x0 ./system/src/newlib/_exit.o
 .text.abort    0x00000000        0x8 ./system/src/newlib/_exit.o
 .text          0x00000000        0x0 ./system/src/newlib/_sbrk.o
 .data          0x00000000        0x0 ./system/src/newlib/_sbrk.o
 .bss           0x00000000        0x0 ./system/src/newlib/_sbrk.o
 .text._sbrk    0x00000000       0x3c ./system/src/newlib/_sbrk.o
 .bss.current_heap_end.3961
                0x00000000        0x4 ./system/src/newlib/_sbrk.o
 .debug_info    0x00000000      0x93e ./system/src/newlib/_sbrk.o
 .debug_abbrev  0x00000000      0x1f9 ./system/src/newlib/_sbrk.o
 .debug_loc     0x00000000       0x6a ./system/src/newlib/_sbrk.o
 .debug_aranges
                0x00000000       0x20 ./system/src/newlib/_sbrk.o
 .debug_ranges  0x00000000       0x10 ./system/src/newlib/_sbrk.o
 .debug_line    0x00000000      0x211 ./system/src/newlib/_sbrk.o
 .debug_str     0x00000000      0x5f3 ./system/src/newlib/_sbrk.o
 .comment       0x00000000       0x7f ./system/src/newlib/_sbrk.o
 .debug_frame   0x00000000       0x28 ./system/src/newlib/_sbrk.o
 .ARM.attributes
                0x00000000       0x33 ./system/src/newlib/_sbrk.o
 .text          0x00000000        0x0 ./system/src/newlib/_startup.o
 .data          0x00000000        0x0 ./system/src/newlib/_startup.o
 .bss           0x00000000        0x0 ./system/src/newlib/_startup.o
 .text.__initialize_data
                0x00000000       0x10 ./system/src/newlib/_startup.o
 .text.__initialize_bss
                0x00000000        0xe ./system/src/newlib/_startup.o
 .text.__run_init_array
                0x00000000       0x44 ./system/src/newlib/_startup.o
 .text.__run_fini_array
                0x00000000       0x24 ./system/src/newlib/_startup.o
 .text          0x00000000        0x0 ./system/src/newlib/_syscalls.o
 .data          0x00000000        0x0 ./system/src/newlib/_syscalls.o
 .bss           0x00000000        0x0 ./system/src/newlib/_syscalls.o
 .text.raise    0x00000000       0x10 ./system/src/newlib/_syscalls.o
 .text.kill     0x00000000       0x10 ./system/src/newlib/_syscalls.o
 .bss.__dso_handle
                0x00000000        0x4 ./system/src/newlib/_syscalls.o
 COMMON         0x00000000        0x4 ./system/src/newlib/_syscalls.o
 .text          0x00000000        0x0 ./system/src/newlib/assert.o
 .data          0x00000000        0x0 ./system/src/newlib/assert.o
 .bss           0x00000000        0x0 ./system/src/newlib/assert.o
 .text.__assert_func
                0x00000000        0x6 ./system/src/newlib/assert.o
 .debug_info    0x00000000      0x96b ./system/src/newlib/assert.o
 .debug_abbrev  0x00000000      0x1fe ./system/src/newlib/assert.o
 .debug_loc     0x00000000       0x84 ./system/src/newlib/assert.o
 .debug_aranges
                0x00000000       0x20 ./system/src/newlib/assert.o
 .debug_ranges  0x00000000       0x10 ./system/src/newlib/assert.o
 .debug_line    0x00000000      0x2dd ./system/src/newlib/assert.o
 .debug_str     0x00000000      0x5fc ./system/src/newlib/assert.o
 .comment       0x00000000       0x7f ./system/src/newlib/assert.o
 .debug_frame   0x00000000       0x28 ./system/src/newlib/assert.o
 .ARM.attributes
                0x00000000       0x33 ./system/src/newlib/assert.o
 .text          0x00000000        0x0 ./system/src/diag/Trace.o
 .data          0x00000000        0x0 ./system/src/diag/Trace.o
 .bss           0x00000000        0x0 ./system/src/diag/Trace.o
 .debug_line    0x00000000        0x0 ./system/src/diag/Trace.o
 .debug_str     0x00000000      0x10f ./system/src/diag/Trace.o
 .comment       0x00000000       0x7f ./system/src/diag/Trace.o
 .ARM.attributes
                0x00000000       0x33 ./system/src/diag/Trace.o
 .text          0x00000000        0x0 ./system/src/diag/trace_impl.o
 .data          0x00000000        0x0 ./system/src/diag/trace_impl.o
 .bss           0x00000000        0x0 ./system/src/diag/trace_impl.o
 .debug_line    0x00000000        0x0 ./system/src/diag/trace_impl.o
 .debug_str     0x00000000      0x114 ./system/src/diag/trace_impl.o
 .comment       0x00000000       0x7f ./system/src/diag/trace_impl.o
 .ARM.attributes
                0x00000000       0x33 ./system/src/diag/trace_impl.o
 .text          0x00000000        0x0 ./system/src/cortexm/_initialize_hardware.o
 .data          0x00000000        0x0 ./system/src/cortexm/_initialize_hardware.o
 .bss           0x00000000        0x0 ./system/src/cortexm/_initialize_hardware.o
 .text          0x00000000        0x0 ./system/src/cortexm/_reset_hardware.o
 .data          0x00000000        0x0 ./system/src/cortexm/_reset_hardware.o
 .bss           0x00000000        0x0 ./system/src/cortexm/_reset_hardware.o
 .text          0x00000000        0x0 ./system/src/cortexm/exception_handlers.o
 .data          0x00000000        0x0 ./system/src/cortexm/exception_handlers.o
 .bss           0x00000000        0x0 ./system/src/cortexm/exception_handlers.o
 .text          0x00000000        0x0 ./system/src/cmsis/system_stm32f10x.o
 .data          0x00000000        0x0 ./system/src/cmsis/system_stm32f10x.o
 .bss           0x00000000        0x0 ./system/src/cmsis/system_stm32f10x.o
 .text          0x00000000        0x0 ./system/src/cmsis/vectors_stm32f10x.o
 .data          0x00000000        0x0 ./system/src/cmsis/vectors_stm32f10x.o
 .bss           0x00000000        0x0 ./system/src/cmsis/vectors_stm32f10x.o
 .text          0x00000000        0x0 ./src/GPIOS_program.o
 .data          0x00000000        0x0 ./src/GPIOS_program.o
 .bss           0x00000000        0x0 ./src/GPIOS_program.o
 .text.GPIOS_u8SetPortVal
                0x00000000       0x2c ./src/GPIOS_program.o
 .text.GPIOS_u8GetPinVal
                0x00000000       0x3c ./src/GPIOS_program.o
 .text.GPIOS_u8ClearPin
                0x00000000       0x38 ./src/GPIOS_program.o
 .text.GPIOS_u8ClearPort
                0x00000000       0x30 ./src/GPIOS_program.o
 .text.GPIOS_u8SetPin
                0x00000000       0x38 ./src/GPIOS_program.o
 .text.GPIOS_u8SetPort
                0x00000000       0x30 ./src/GPIOS_program.o
 .text.GPIOS_u8LockPort
                0x00000000       0x4c ./src/GPIOS_program.o
 .text.GPIOS_u8LockPin
                0x00000000       0x64 ./src/GPIOS_program.o
 .text          0x00000000        0x0 ./src/RCC_program.o
 .data          0x00000000        0x0 ./src/RCC_program.o
 .bss           0x00000000        0x0 ./src/RCC_program.o
 .text.RCC_VoidDisablePeriphral
                0x00000000       0x40 ./src/RCC_program.o
 .text          0x00000000        0x0 ./src/SysTick_Program.o
 .data          0x00000000        0x0 ./src/SysTick_Program.o
 .bss           0x00000000        0x0 ./src/SysTick_Program.o
 .text.STK_voidResetTimer
                0x00000000       0x1c ./src/SysTick_Program.o
 .text.STK_u8EnableOrDisableInterrupt
                0x00000000       0x28 ./src/SysTick_Program.o
 .text.STK_u8EnableOrDisablePeriphral
                0x00000000       0x28 ./src/SysTick_Program.o
 .text.STK_u8SetReloadValue
                0x00000000        0xc ./src/SysTick_Program.o
 .text.STK_u32ReadingCurrntTimerValue
                0x00000000       0x10 ./src/SysTick_Program.o
 .text.STK_u32ReadingRemainingTimerValue
                0x00000000        0xc ./src/SysTick_Program.o
 .text.STK_voidSetBusyWait_Synchronous
                0x00000000       0x20 ./src/SysTick_Program.o
 .text.STK_u8SetIntervalSingle_Asyncrounous
                0x00000000       0x34 ./src/SysTick_Program.o
 .text.STK_voidStopTimer
                0x00000000       0x18 ./src/SysTick_Program.o
 .text          0x00000000        0x0 ./src/main.o
 .data          0x00000000        0x0 ./src/main.o
 .bss           0x00000000        0x0 ./src/main.o
 .text          0x00000000        0x0 d:/cources/embeded_cources/arm_microcontroller/arm (ahmed-assaf)/arm_imt/arm_material/imt_arm_course/02- tools/03- imt sdk/imt_sdk_win_64/winarm/armgcc/bin/../lib/gcc/arm-none-eabi/7.2.1/../../../../arm-none-eabi/lib/thumb/v7-m\libg_nano.a(lib_a-errno.o)
 .data          0x00000000        0x0 d:/cources/embeded_cources/arm_microcontroller/arm (ahmed-assaf)/arm_imt/arm_material/imt_arm_course/02- tools/03- imt sdk/imt_sdk_win_64/winarm/armgcc/bin/../lib/gcc/arm-none-eabi/7.2.1/../../../../arm-none-eabi/lib/thumb/v7-m\libg_nano.a(lib_a-errno.o)
 .bss           0x00000000        0x0 d:/cources/embeded_cources/arm_microcontroller/arm (ahmed-assaf)/arm_imt/arm_material/imt_arm_course/02- tools/03- imt sdk/imt_sdk_win_64/winarm/armgcc/bin/../lib/gcc/arm-none-eabi/7.2.1/../../../../arm-none-eabi/lib/thumb/v7-m\libg_nano.a(lib_a-errno.o)
 .text.__errno  0x00000000        0xc d:/cources/embeded_cources/arm_microcontroller/arm (ahmed-assaf)/arm_imt/arm_material/imt_arm_course/02- tools/03- imt sdk/imt_sdk_win_64/winarm/armgcc/bin/../lib/gcc/arm-none-eabi/7.2.1/../../../../arm-none-eabi/lib/thumb/v7-m\libg_nano.a(lib_a-errno.o)
 .debug_frame   0x00000000       0x20 d:/cources/embeded_cources/arm_microcontroller/arm (ahmed-assaf)/arm_imt/arm_material/imt_arm_course/02- tools/03- imt sdk/imt_sdk_win_64/winarm/armgcc/bin/../lib/gcc/arm-none-eabi/7.2.1/../../../../arm-none-eabi/lib/thumb/v7-m\libg_nano.a(lib_a-errno.o)
 .ARM.attributes
                0x00000000       0x2d d:/cources/embeded_cources/arm_microcontroller/arm (ahmed-assaf)/arm_imt/arm_material/imt_arm_course/02- tools/03- imt sdk/imt_sdk_win_64/winarm/armgcc/bin/../lib/gcc/arm-none-eabi/7.2.1/../../../../arm-none-eabi/lib/thumb/v7-m\libg_nano.a(lib_a-errno.o)
 .text          0x00000000        0x0 d:/cources/embeded_cources/arm_microcontroller/arm (ahmed-assaf)/arm_imt/arm_material/imt_arm_course/02- tools/03- imt sdk/imt_sdk_win_64/winarm/armgcc/bin/../lib/gcc/arm-none-eabi/7.2.1/../../../../arm-none-eabi/lib/thumb/v7-m\libg_nano.a(lib_a-impure.o)
 .data          0x00000000        0x0 d:/cources/embeded_cources/arm_microcontroller/arm (ahmed-assaf)/arm_imt/arm_material/imt_arm_course/02- tools/03- imt sdk/imt_sdk_win_64/winarm/armgcc/bin/../lib/gcc/arm-none-eabi/7.2.1/../../../../arm-none-eabi/lib/thumb/v7-m\libg_nano.a(lib_a-impure.o)
 .bss           0x00000000        0x0 d:/cources/embeded_cources/arm_microcontroller/arm (ahmed-assaf)/arm_imt/arm_material/imt_arm_course/02- tools/03- imt sdk/imt_sdk_win_64/winarm/armgcc/bin/../lib/gcc/arm-none-eabi/7.2.1/../../../../arm-none-eabi/lib/thumb/v7-m\libg_nano.a(lib_a-impure.o)
 .data._impure_ptr
                0x00000000        0x4 d:/cources/embeded_cources/arm_microcontroller/arm (ahmed-assaf)/arm_imt/arm_material/imt_arm_course/02- tools/03- imt sdk/imt_sdk_win_64/winarm/armgcc/bin/../lib/gcc/arm-none-eabi/7.2.1/../../../../arm-none-eabi/lib/thumb/v7-m\libg_nano.a(lib_a-impure.o)
 .data.impure_data
                0x00000000       0x60 d:/cources/embeded_cources/arm_microcontroller/arm (ahmed-assaf)/arm_imt/arm_material/imt_arm_course/02- tools/03- imt sdk/imt_sdk_win_64/winarm/armgcc/bin/../lib/gcc/arm-none-eabi/7.2.1/../../../../arm-none-eabi/lib/thumb/v7-m\libg_nano.a(lib_a-impure.o)
 .rodata._global_impure_ptr
                0x00000000        0x4 d:/cources/embeded_cources/arm_microcontroller/arm (ahmed-assaf)/arm_imt/arm_material/imt_arm_course/02- tools/03- imt sdk/imt_sdk_win_64/winarm/armgcc/bin/../lib/gcc/arm-none-eabi/7.2.1/../../../../arm-none-eabi/lib/thumb/v7-m\libg_nano.a(lib_a-impure.o)
 .ARM.attributes
                0x00000000       0x2d d:/cources/embeded_cources/arm_microcontroller/arm (ahmed-assaf)/arm_imt/arm_material/imt_arm_course/02- tools/03- imt sdk/imt_sdk_win_64/winarm/armgcc/bin/../lib/gcc/arm-none-eabi/7.2.1/../../../../arm-none-eabi/lib/thumb/v7-m\libg_nano.a(lib_a-impure.o)

Memory Configuration

Name             Origin             Length             Attributes
RAM              0x20000000         0x00005000         xrw
CCMRAM           0x00000000         0x00000000         xrw
FLASH            0x08000000         0x00010000         xr
FLASHB1          0x00000000         0x00000000         xr
EXTMEMB0         0x00000000         0x00000000         xr
EXTMEMB1         0x00000000         0x00000000         xr
EXTMEMB2         0x00000000         0x00000000         xr
EXTMEMB3         0x00000000         0x00000000         xr
MEMORY_ARRAY     0x00000000         0x00000000         xrw
*default*        0x00000000         0xffffffff

Linker script and memory map

LOAD ./system/src/stm32f1-stdperiph/misc.o
LOAD ./system/src/stm32f1-stdperiph/stm32f10x_gpio.o
LOAD ./system/src/stm32f1-stdperiph/stm32f10x_rcc.o
LOAD ./system/src/newlib/_cxx.o
LOAD ./system/src/newlib/_exit.o
LOAD ./system/src/newlib/_sbrk.o
LOAD ./system/src/newlib/_startup.o
LOAD ./system/src/newlib/_syscalls.o
LOAD ./system/src/newlib/assert.o
LOAD ./system/src/diag/Trace.o
LOAD ./system/src/diag/trace_impl.o
LOAD ./system/src/cortexm/_initialize_hardware.o
LOAD ./system/src/cortexm/_reset_hardware.o
LOAD ./system/src/cortexm/exception_handlers.o
LOAD ./system/src/cmsis/system_stm32f10x.o
LOAD ./system/src/cmsis/vectors_stm32f10x.o
LOAD ./src/GPIOS_program.o
LOAD ./src/RCC_program.o
LOAD ./src/SysTick_Program.o
LOAD ./src/main.o
LOAD d:/cources/embeded_cources/arm_microcontroller/arm (ahmed-assaf)/arm_imt/arm_material/imt_arm_course/02- tools/03- imt sdk/imt_sdk_win_64/winarm/armgcc/bin/../lib/gcc/arm-none-eabi/7.2.1/../../../../arm-none-eabi/lib/thumb/v7-m\libstdc++_nano.a
LOAD d:/cources/embeded_cources/arm_microcontroller/arm (ahmed-assaf)/arm_imt/arm_material/imt_arm_course/02- tools/03- imt sdk/imt_sdk_win_64/winarm/armgcc/bin/../lib/gcc/arm-none-eabi/7.2.1/../../../../arm-none-eabi/lib/thumb/v7-m\libm.a
START GROUP
LOAD d:/cources/embeded_cources/arm_microcontroller/arm (ahmed-assaf)/arm_imt/arm_material/imt_arm_course/02- tools/03- imt sdk/imt_sdk_win_64/winarm/armgcc/bin/../lib/gcc/arm-none-eabi/7.2.1/thumb/v7-m\libgcc.a
LOAD d:/cources/embeded_cources/arm_microcontroller/arm (ahmed-assaf)/arm_imt/arm_material/imt_arm_course/02- tools/03- imt sdk/imt_sdk_win_64/winarm/armgcc/bin/../lib/gcc/arm-none-eabi/7.2.1/../../../../arm-none-eabi/lib/thumb/v7-m\libg_nano.a
LOAD d:/cources/embeded_cources/arm_microcontroller/arm (ahmed-assaf)/arm_imt/arm_material/imt_arm_course/02- tools/03- imt sdk/imt_sdk_win_64/winarm/armgcc/bin/../lib/gcc/arm-none-eabi/7.2.1/../../../../arm-none-eabi/lib/thumb/v7-m\libc_nano.a
END GROUP
START GROUP
LOAD d:/cources/embeded_cources/arm_microcontroller/arm (ahmed-assaf)/arm_imt/arm_material/imt_arm_course/02- tools/03- imt sdk/imt_sdk_win_64/winarm/armgcc/bin/../lib/gcc/arm-none-eabi/7.2.1/thumb/v7-m\libgcc.a
LOAD d:/cources/embeded_cources/arm_microcontroller/arm (ahmed-assaf)/arm_imt/arm_material/imt_arm_course/02- tools/03- imt sdk/imt_sdk_win_64/winarm/armgcc/bin/../lib/gcc/arm-none-eabi/7.2.1/../../../../arm-none-eabi/lib/thumb/v7-m\libc_nano.a
END GROUP
                0x20005000                __stack = (ORIGIN (RAM) + LENGTH (RAM))
                0x20005000                _estack = __stack
                0x00000400                __Main_Stack_Size = 0x400
                [!provide]                PROVIDE (_Main_Stack_Size, __Main_Stack_Size)
                0x20004c00                __Main_Stack_Limit = (__stack - __Main_Stack_Size)
                [!provide]                PROVIDE (_Main_Stack_Limit, __Main_Stack_Limit)
                0x00000100                _Minimum_Stack_Size = 0x100
                0x2000002c                PROVIDE (_Heap_Begin, _end_noinit)
                0x20004c00                PROVIDE (_Heap_Limit, (__stack - __Main_Stack_Size))

.isr_vector     0x08000000      0x22a
 FILL mask 0xff
                0x08000000                __vectors_start = ABSOLUTE (.)
                0x08000000                __vectors_start__ = ABSOLUTE (.)
 *(.isr_vector)
 .isr_vector    0x08000000      0x10c ./system/src/cmsis/vectors_stm32f10x.o
                0x08000000                __isr_vectors
 *(.cfmconfig)
 *(.after_vectors .after_vectors.*)
 .after_vectors
                0x0800010c       0xb8 ./system/src/newlib/_startup.o
                0x0800010c                _start
 .after_vectors
                0x080001c4       0x64 ./system/src/cortexm/exception_handlers.o
                0x080001c4                Reset_Handler
                0x080001c8                NMI_Handler
                0x080001ca                HardFault_Handler
                0x080001de                HardFault_Handler_C
                0x080001e0                MemManage_Handler
                0x080001e2                BusFault_Handler
                0x080001f6                BusFault_Handler_C
                0x080001f8                UsageFault_Handler
                0x0800020c                UsageFault_Handler_C
                0x0800020e                SVC_Handler
                0x08000210                DebugMon_Handler
                0x08000212                PendSV_Handler
 .after_vectors
                0x08000228        0x2 ./system/src/cmsis/vectors_stm32f10x.o
                0x08000228                EXTI2_IRQHandler
                0x08000228                TIM8_TRG_COM_IRQHandler
                0x08000228                TIM8_CC_IRQHandler
                0x08000228                TIM1_CC_IRQHandler
                0x08000228                TIM6_IRQHandler
                0x08000228                PVD_IRQHandler
                0x08000228                SDIO_IRQHandler
                0x08000228                CAN2_RX1_IRQHandler
                0x08000228                EXTI3_IRQHandler
                0x08000228                TIM8_TRG_COM_TIM14_IRQHandler
                0x08000228                TIM1_UP_TIM10_IRQHandler
                0x08000228                TIM8_UP_TIM13_IRQHandler
                0x08000228                EXTI0_IRQHandler
                0x08000228                I2C2_EV_IRQHandler
                0x08000228                CAN1_RX0_IRQHandler
                0x08000228                TIM1_UP_TIM16_IRQHandler
                0x08000228                CAN2_SCE_IRQHandler
                0x08000228                ADC1_2_IRQHandler
                0x08000228                SPI1_IRQHandler
                0x08000228                TAMPER_IRQHandler
                0x08000228                TIM6_DAC_IRQHandler
                0x08000228                TIM1_BRK_TIM9_IRQHandler
                0x08000228                CAN2_RX0_IRQHandler
                0x08000228                TIM8_UP_IRQHandler
                0x08000228                DMA2_Channel2_IRQHandler
                0x08000228                DMA1_Channel4_IRQHandler
                0x08000228                USART3_IRQHandler
                0x08000228                RTC_IRQHandler
                0x08000228                DMA1_Channel7_IRQHandler
                0x08000228                CAN1_RX1_IRQHandler
                0x08000228                UART5_IRQHandler
                0x08000228                ADC3_IRQHandler
                0x08000228                TIM4_IRQHandler
                0x08000228                DMA2_Channel1_IRQHandler
                0x08000228                I2C1_EV_IRQHandler
                0x08000228                DMA1_Channel6_IRQHandler
                0x08000228                UART4_IRQHandler
                0x08000228                DMA2_Channel4_IRQHandler
                0x08000228                TIM3_IRQHandler
                0x08000228                RCC_IRQHandler
                0x08000228                TIM8_BRK_TIM12_IRQHandler
                0x08000228                TIM1_TRG_COM_IRQHandler
                0x08000228                DMA1_Channel1_IRQHandler
                0x08000228                Default_Handler
                0x08000228                CEC_IRQHandler
                0x08000228                EXTI15_10_IRQHandler
                0x08000228                TIM14_IRQHandler
                0x08000228                TIM13_IRQHandler
                0x08000228                TIM12_IRQHandler
                0x08000228                TIM7_IRQHandler
                0x08000228                CAN2_TX_IRQHandler
                0x08000228                TIM5_IRQHandler
                0x08000228                EXTI9_5_IRQHandler
                0x08000228                ETH_WKUP_IRQHandler
                0x08000228                SPI2_IRQHandler
                0x08000228                CAN1_TX_IRQHandler
                0x08000228                DMA2_Channel5_IRQHandler
                0x08000228                DMA1_Channel5_IRQHandler
                0x08000228                EXTI4_IRQHandler
                0x08000228                USB_LP_CAN1_RX0_IRQHandler
                0x08000228                TIM1_TRG_COM_TIM17_IRQHandler
                0x08000228                USB_HP_CAN1_TX_IRQHandler
                0x08000228                DMA1_Channel3_IRQHandler
                0x08000228                FSMC_IRQHandler
                0x08000228                ETH_IRQHandler
                0x08000228                TIM1_UP_IRQHandler
                0x08000228                WWDG_IRQHandler
                0x08000228                TIM2_IRQHandler
                0x08000228                OTG_FS_WKUP_IRQHandler
                0x08000228                TIM1_TRG_COM_TIM11_IRQHandler
                0x08000228                TIM1_BRK_IRQHandler
                0x08000228                EXTI1_IRQHandler
                0x08000228                RTCAlarm_IRQHandler
                0x08000228                DMA2_Channel4_5_IRQHandler
                0x08000228                USART2_IRQHandler
                0x08000228                I2C2_ER_IRQHandler
                0x08000228                DMA1_Channel2_IRQHandler
                0x08000228                TIM8_BRK_IRQHandler
                0x08000228                CAN1_SCE_IRQHandler
                0x08000228                FLASH_IRQHandler
                0x08000228                USART1_IRQHandler
                0x08000228                OTG_FS_IRQHandler
                0x08000228                SPI3_IRQHandler
                0x08000228                I2C1_ER_IRQHandler
                0x08000228                USBWakeUp_IRQHandler
                0x08000228                DMA2_Channel3_IRQHandler
                0x08000228                TIM1_BRK_TIM15_IRQHandler

.inits          0x0800022c       0x28
                0x0800022c                __data_regions_array_start = .
                0x0800022c        0x4 LONG 0x8000634 LOADADDR (.data)
                0x08000230        0x4 LONG 0x20000000 ADDR (.data)
                0x08000234        0x4 LONG 0x20000020 (ADDR (.data) + SIZEOF (.data))
                0x08000238        0x4 LONG 0x8000634 LOADADDR (.data_CCMRAM)
                0x0800023c        0x4 LONG 0x0 ADDR (.data_CCMRAM)
                0x08000240        0x4 LONG 0x0 (ADDR (.data_CCMRAM) + SIZEOF (.data_CCMRAM))
                0x08000244                __data_regions_array_end = .
                0x08000244                __bss_regions_array_start = .
                0x08000244        0x4 LONG 0x20000020 ADDR (.bss)
                0x08000248        0x4 LONG 0x2000002c (ADDR (.bss) + SIZEOF (.bss))
                0x0800024c        0x4 LONG 0x0 ADDR (.bss_CCMRAM)
                0x08000250        0x4 LONG 0x0 (ADDR (.bss_CCMRAM) + SIZEOF (.bss_CCMRAM))
                0x08000254                __bss_regions_array_end = .
 *(.init)
 *(.fini)
                0x08000254                . = ALIGN (0x4)
                0x08000254                PROVIDE (__preinit_array_start, .)
 *(.preinit_array_sysinit .preinit_array_sysinit.*)
 *(.preinit_array_platform .preinit_array_platform.*)
 *(.preinit_array .preinit_array.*)
                0x08000254                PROVIDE (__preinit_array_end, .)
                0x08000254                . = ALIGN (0x4)
                0x08000254                PROVIDE (__init_array_start, .)
 *(SORT_BY_NAME(.init_array.*))
 *(.init_array)
                0x08000254                PROVIDE (__init_array_end, .)
                0x08000254                . = ALIGN (0x4)
                0x08000254                PROVIDE (__fini_array_start, .)
 *(SORT_BY_NAME(.fini_array.*))
 *(.fini_array)
                0x08000254                PROVIDE (__fini_array_end, .)

.flashtext
 *(.flashtext .flashtext.*)

.text           0x08000254      0x3e0
 *(.text .text.*)
 .text._exit    0x08000254        0x6 ./system/src/newlib/_exit.o
                0x08000254                _exit
 *fill*         0x0800025a        0x2 
 .text.__initialize_args
                0x0800025c       0x10 ./system/src/newlib/_syscalls.o
                0x0800025c                __initialize_args
 .text.__initialize_hardware_early
                0x0800026c       0x18 ./system/src/cortexm/_initialize_hardware.o
                0x0800026c                __initialize_hardware_early
 .text.__initialize_hardware
                0x08000284        0x4 ./system/src/cortexm/_initialize_hardware.o
                0x08000284                __initialize_hardware
 .text.__reset_hardware
                0x08000288       0x24 ./system/src/cortexm/_reset_hardware.o
                0x08000288                __reset_hardware
 .text.SystemInit
                0x080002ac       0xf0 ./system/src/cmsis/system_stm32f10x.o
                0x080002ac                SystemInit
 .text.SystemCoreClockUpdate
                0x0800039c       0x58 ./system/src/cmsis/system_stm32f10x.o
                0x0800039c                SystemCoreClockUpdate
 .text.GPIOS_u8SetPinDir
                0x080003f4       0x80 ./src/GPIOS_program.o
                0x080003f4                GPIOS_u8SetPinDir
 .text.GPIOS_u8SetPinVal
                0x08000474       0x5c ./src/GPIOS_program.o
                0x08000474                GPIOS_u8SetPinVal
 .text.RCC_VoidEnablePeriphral
                0x080004d0       0x3c ./src/RCC_program.o
                0x080004d0                RCC_VoidEnablePeriphral
 .text.RCC_voidInit
                0x0800050c       0x5c ./src/RCC_program.o
                0x0800050c                RCC_voidInit
 .text.STK_voidInit
                0x08000568       0x18 ./src/SysTick_Program.o
                0x08000568                STK_voidInit
 .text.STK_u8SetIntervalPeriodic_Asyncrounous
                0x08000580       0x34 ./src/SysTick_Program.o
                0x08000580                STK_u8SetIntervalPeriodic_Asyncrounous
 .text.SysTick_Handler
                0x080005b4       0x34 ./src/SysTick_Program.o
                0x080005b4                SysTick_Handler
 .text.LED_Toggel
                0x080005e8       0x18 ./src/main.o
                0x080005e8                LED_Toggel
 .text.startup.main
                0x08000600       0x34 ./src/main.o
                0x08000600                main
 *(.rodata .rodata.* .constdata .constdata.*)
 *(vtable)
 *(.eh_frame*)
 *(.glue_7)
 .glue_7        0x08000634        0x0 linker stubs
 *(.glue_7t)
 .glue_7t       0x08000634        0x0 linker stubs

.vfp11_veneer   0x08000634        0x0
 .vfp11_veneer  0x08000634        0x0 linker stubs

.v4_bx          0x08000634        0x0
 .v4_bx         0x08000634        0x0 linker stubs

.iplt           0x08000634        0x0
 .iplt          0x08000634        0x0 ./system/src/newlib/_exit.o

.rel.dyn        0x08000634        0x0
 .rel.iplt      0x08000634        0x0 ./system/src/newlib/_exit.o

.ARM.extab
 *(.ARM.extab* .gnu.linkonce.armextab.*)
                0x08000634                . = ALIGN (0x4)
                0x08000634                __exidx_start = .

.ARM.exidx
 *(.ARM.exidx* .gnu.linkonce.armexidx.*)
                0x08000634                __exidx_end = .
                0x08000634                . = ALIGN (0x4)
                0x08000634                _etext = .
                0x08000634                __etext = .

.data_CCMRAM    0x00000000        0x0 load address 0x08000634
 FILL mask 0xff
 *(.data.CCMRAM .data.CCMRAM.*)
                0x00000000                . = ALIGN (0x4)
                0x08000634                _sidata = LOADADDR (.data)

.data           0x20000000       0x20 load address 0x08000634
 FILL mask 0xff
                0x20000000                _sdata = .
                0x20000000                __data_start__ = .
 *(.data_begin .data_begin.*)
 *(.data .data.*)
 .data.argv.4310
                0x20000000        0x8 ./system/src/newlib/_syscalls.o
 .data.AHBPrescTable
                0x20000008       0x10 ./system/src/cmsis/system_stm32f10x.o
                0x20000008                AHBPrescTable
 .data.SystemCoreClock
                0x20000018        0x4 ./system/src/cmsis/system_stm32f10x.o
                0x20000018                SystemCoreClock
 .data.Global_u8FunctionFlag
                0x2000001c        0x1 ./src/SysTick_Program.o
                0x2000001c                Global_u8FunctionFlag
 .data.Toggle_bit.3823
                0x2000001d        0x1 ./src/main.o
 *(.data_end .data_end.*)
                0x20000020                . = ALIGN (0x4)
 *fill*         0x2000001e        0x2 ff
                0x20000020                _edata = .
                0x20000020                __data_end__ = .

.igot.plt       0x20000020        0x0 load address 0x08000654
 .igot.plt      0x20000020        0x0 ./system/src/newlib/_exit.o

.bss_CCMRAM     0x00000000        0x0
 *(.bss.CCMRAM .bss.CCMRAM.*)

.bss            0x20000020        0xc
                0x20000020                __bss_start__ = .
                0x20000020                _sbss = .
 *(.bss_begin .bss_begin.*)
 *(.bss .bss.*)
 .bss.name.4309
                0x20000020        0x1 ./system/src/newlib/_syscalls.o
 *fill*         0x20000021        0x3 
 .bss.Global_PtrToFuncPeriodicIntervals
                0x20000024        0x4 ./src/SysTick_Program.o
                0x20000024                Global_PtrToFuncPeriodicIntervals
 .bss.Global_PtrToFuncSingleInterval
                0x20000028        0x4 ./src/SysTick_Program.o
                0x20000028                Global_PtrToFuncSingleInterval
 *(COMMON)
 *(.bss_end .bss_end.*)
                0x2000002c                . = ALIGN (0x4)
                0x2000002c                __bss_end__ = .
                0x2000002c                _ebss = .

.noinit_CCMRAM
 *(.noinit.CCMRAM .noinit.CCMRAM.*)

.noinit         0x2000002c        0x0
                0x2000002c                _noinit = .
 *(.noinit .noinit.*)
                0x2000002c                . = ALIGN (0x4)
                0x2000002c                _end_noinit = .
                [!provide]                PROVIDE (end, _end_noinit)
                [!provide]                PROVIDE (_end, _end_noinit)
                [!provide]                PROVIDE (__end, _end_noinit)
                [!provide]                PROVIDE (__end__, _end_noinit)

._check_stack   0x2000002c      0x100
                0x2000012c                . = (. + _Minimum_Stack_Size)
 *fill*         0x2000002c      0x100 

.b1text
 *(.b1text)
 *(.b1rodata)
 *(.b1rodata.*)

.eb0text
 *(.eb0text)
 *(.eb0rodata)
 *(.eb0rodata.*)

.eb1text
 *(.eb1text)
 *(.eb1rodata)
 *(.eb1rodata.*)

.eb2text
 *(.eb2text)
 *(.eb2rodata)
 *(.eb2rodata.*)

.eb3text
 *(.eb3text)
 *(.eb3rodata)
 *(.eb3rodata.*)

.stab
 *(.stab)

.stabstr
 *(.stabstr)

.stab.excl
 *(.stab.excl)

.stab.exclstr
 *(.stab.exclstr)

.stab.index
 *(.stab.index)

.stab.indexstr
 *(.stab.indexstr)

.comment        0x00000000       0x7e
 *(.comment)
 .comment       0x00000000       0x7e ./system/src/newlib/_exit.o
                                 0x7f (size before relaxing)
 .comment       0x0000007e       0x7f ./system/src/newlib/_startup.o
 .comment       0x0000007e       0x7f ./system/src/newlib/_syscalls.o
 .comment       0x0000007e       0x7f ./system/src/cortexm/_initialize_hardware.o
 .comment       0x0000007e       0x7f ./system/src/cortexm/_reset_hardware.o
 .comment       0x0000007e       0x7f ./system/src/cortexm/exception_handlers.o
 .comment       0x0000007e       0x7f ./system/src/cmsis/system_stm32f10x.o
 .comment       0x0000007e       0x7f ./system/src/cmsis/vectors_stm32f10x.o
 .comment       0x0000007e       0x7f ./src/GPIOS_program.o
 .comment       0x0000007e       0x7f ./src/RCC_program.o
 .comment       0x0000007e       0x7f ./src/SysTick_Program.o
 .comment       0x0000007e       0x7f ./src/main.o

.ARM.attributes
                0x00000000       0x33
 .ARM.attributes
                0x00000000       0x33 ./system/src/newlib/_exit.o
 .ARM.attributes
                0x00000033       0x33 ./system/src/newlib/_startup.o
 .ARM.attributes
                0x00000066       0x33 ./system/src/newlib/_syscalls.o
 .ARM.attributes
                0x00000099       0x33 ./system/src/cortexm/_initialize_hardware.o
 .ARM.attributes
                0x000000cc       0x33 ./system/src/cortexm/_reset_hardware.o
 .ARM.attributes
                0x000000ff       0x33 ./system/src/cortexm/exception_handlers.o
 .ARM.attributes
                0x00000132       0x33 ./system/src/cmsis/system_stm32f10x.o
 .ARM.attributes
                0x00000165       0x33 ./system/src/cmsis/vectors_stm32f10x.o
 .ARM.attributes
                0x00000198       0x33 ./src/GPIOS_program.o
 .ARM.attributes
                0x000001cb       0x33 ./src/RCC_program.o
 .ARM.attributes
                0x000001fe       0x33 ./src/SysTick_Program.o
 .ARM.attributes
                0x00000231       0x33 ./src/main.o

.debug
 *(.debug)

.line
 *(.line)

.debug_srcinfo
 *(.debug_srcinfo)

.debug_sfnames
 *(.debug_sfnames)

.debug_aranges  0x00000000      0x2e0
 *(.debug_aranges)
 .debug_aranges
                0x00000000       0x28 ./system/src/newlib/_exit.o
 .debug_aranges
                0x00000028       0x40 ./system/src/newlib/_startup.o
 .debug_aranges
                0x00000068       0x30 ./system/src/newlib/_syscalls.o
 .debug_aranges
                0x00000098       0x28 ./system/src/cortexm/_initialize_hardware.o
 .debug_aranges
                0x000000c0       0x20 ./system/src/cortexm/_reset_hardware.o
 .debug_aranges
                0x000000e0       0x80 ./system/src/cortexm/exception_handlers.o
 .debug_aranges
                0x00000160       0x28 ./system/src/cmsis/system_stm32f10x.o
 .debug_aranges
                0x00000188       0x20 ./system/src/cmsis/vectors_stm32f10x.o
 .debug_aranges
                0x000001a8       0x68 ./src/GPIOS_program.o
 .debug_aranges
                0x00000210       0x30 ./src/RCC_program.o
 .debug_aranges
                0x00000240       0x78 ./src/SysTick_Program.o
 .debug_aranges
                0x000002b8       0x28 ./src/main.o

.debug_pubnames
 *(.debug_pubnames)

.debug_info     0x00000000     0x3796
 *(.debug_info .gnu.linkonce.wi.*)
 .debug_info    0x00000000      0x960 ./system/src/newlib/_exit.o
 .debug_info    0x00000960      0x3ca ./system/src/newlib/_startup.o
 .debug_info    0x00000d2a      0xa15 ./system/src/newlib/_syscalls.o
 .debug_info    0x0000173f      0x2b1 ./system/src/cortexm/_initialize_hardware.o
 .debug_info    0x000019f0      0x2c3 ./system/src/cortexm/_reset_hardware.o
 .debug_info    0x00001cb3      0xacb ./system/src/cortexm/exception_handlers.o
 .debug_info    0x0000277e      0x49d ./system/src/cmsis/system_stm32f10x.o
 .debug_info    0x00002c1b       0xc6 ./system/src/cmsis/vectors_stm32f10x.o
 .debug_info    0x00002ce1      0x3e4 ./src/GPIOS_program.o
 .debug_info    0x000030c5      0x197 ./src/RCC_program.o
 .debug_info    0x0000325c      0x2cb ./src/SysTick_Program.o
 .debug_info    0x00003527      0x26f ./src/main.o

.debug_abbrev   0x00000000      0xfcf
 *(.debug_abbrev)
 .debug_abbrev  0x00000000      0x210 ./system/src/newlib/_exit.o
 .debug_abbrev  0x00000210      0x173 ./system/src/newlib/_startup.o
 .debug_abbrev  0x00000383      0x231 ./system/src/newlib/_syscalls.o
 .debug_abbrev  0x000005b4       0xf5 ./system/src/cortexm/_initialize_hardware.o
 .debug_abbrev  0x000006a9      0x10d ./system/src/cortexm/_reset_hardware.o
 .debug_abbrev  0x000007b6      0x1fe ./system/src/cortexm/exception_handlers.o
 .debug_abbrev  0x000009b4      0x190 ./system/src/cmsis/system_stm32f10x.o
 .debug_abbrev  0x00000b44       0x9a ./system/src/cmsis/vectors_stm32f10x.o
 .debug_abbrev  0x00000bde      0x106 ./src/GPIOS_program.o
 .debug_abbrev  0x00000ce4       0xbd ./src/RCC_program.o
 .debug_abbrev  0x00000da1      0x14a ./src/SysTick_Program.o
 .debug_abbrev  0x00000eeb       0xe4 ./src/main.o

.debug_line     0x00000000     0x13bd
 *(.debug_line)
 .debug_line    0x00000000      0x2e1 ./system/src/newlib/_exit.o
 .debug_line    0x000002e1      0x109 ./system/src/newlib/_startup.o
 .debug_line    0x000003ea      0x2fa ./system/src/newlib/_syscalls.o
 .debug_line    0x000006e4      0x17a ./system/src/cortexm/_initialize_hardware.o
 .debug_line    0x0000085e      0x186 ./system/src/cortexm/_reset_hardware.o
 .debug_line    0x000009e4      0x2ab ./system/src/cortexm/exception_handlers.o
 .debug_line    0x00000c8f      0x1c6 ./system/src/cmsis/system_stm32f10x.o
 .debug_line    0x00000e55       0x58 ./system/src/cmsis/vectors_stm32f10x.o
 .debug_line    0x00000ead      0x20f ./src/GPIOS_program.o
 .debug_line    0x000010bc       0xcd ./src/RCC_program.o
 .debug_line    0x00001189      0x173 ./src/SysTick_Program.o
 .debug_line    0x000012fc       0xc1 ./src/main.o

.debug_frame    0x00000000      0x4a8
 *(.debug_frame)
 .debug_frame   0x00000000       0x40 ./system/src/newlib/_exit.o
 .debug_frame   0x00000040       0x80 ./system/src/newlib/_startup.o
 .debug_frame   0x000000c0       0x50 ./system/src/newlib/_syscalls.o
 .debug_frame   0x00000110       0x38 ./system/src/cortexm/_initialize_hardware.o
 .debug_frame   0x00000148       0x20 ./system/src/cortexm/_reset_hardware.o
 .debug_frame   0x00000168       0xe0 ./system/src/cortexm/exception_handlers.o
 .debug_frame   0x00000248       0x38 ./system/src/cmsis/system_stm32f10x.o
 .debug_frame   0x00000280       0x20 ./system/src/cmsis/vectors_stm32f10x.o
 .debug_frame   0x000002a0       0xb0 ./src/GPIOS_program.o
 .debug_frame   0x00000350       0x40 ./src/RCC_program.o
 .debug_frame   0x00000390       0xe0 ./src/SysTick_Program.o
 .debug_frame   0x00000470       0x38 ./src/main.o

.debug_str      0x00000000     0x1234
 *(.debug_str)
 .debug_str     0x00000000      0x575 ./system/src/newlib/_exit.o
                                0x5e6 (size before relaxing)
 .debug_str     0x00000575      0x16d ./system/src/newlib/_startup.o
                                0x318 (size before relaxing)
 .debug_str     0x000006e2       0x8a ./system/src/newlib/_syscalls.o
                                0x617 (size before relaxing)
 .debug_str     0x0000076c       0xea ./system/src/cortexm/_initialize_hardware.o
                                0x29c (size before relaxing)
 .debug_str     0x00000856       0x45 ./system/src/cortexm/_reset_hardware.o
                                0x262 (size before relaxing)
 .debug_str     0x0000089b      0x11f ./system/src/cortexm/exception_handlers.o
                                0x6df (size before relaxing)
 .debug_str     0x000009ba       0xee ./system/src/cmsis/system_stm32f10x.o
                                0x320 (size before relaxing)
 .debug_str     0x00000aa8       0x57 ./system/src/cmsis/vectors_stm32f10x.o
                                0x1cf (size before relaxing)
 .debug_str     0x00000aff      0x1ea ./src/GPIOS_program.o
                                0x31f (size before relaxing)
 .debug_str     0x00000ce9      0x171 ./src/RCC_program.o
                                0x2c0 (size before relaxing)
 .debug_str     0x00000e5a      0x281 ./src/SysTick_Program.o
                                0x3e0 (size before relaxing)
 .debug_str     0x000010db      0x159 ./src/main.o
                                0x3be (size before relaxing)

.debug_loc      0x00000000      0x9c9
 *(.debug_loc)
 .debug_loc     0x00000000       0x21 ./system/src/newlib/_exit.o
 .debug_loc     0x00000021      0x148 ./system/src/newlib/_startup.o
 .debug_loc     0x00000169       0x63 ./system/src/newlib/_syscalls.o
 .debug_loc     0x000001cc       0xb1 ./system/src/cmsis/system_stm32f10x.o
 .debug_loc     0x0000027d      0x4f6 ./src/GPIOS_program.o
 .debug_loc     0x00000773       0xda ./src/RCC_program.o
 .debug_loc     0x0000084d      0x17c ./src/SysTick_Program.o

.debug_macinfo
 *(.debug_macinfo)

.debug_weaknames
 *(.debug_weaknames)

.debug_funcnames
 *(.debug_funcnames)

.debug_typenames
 *(.debug_typenames)

.debug_varnames
 *(.debug_varnames)
OUTPUT(Meko_Habiby.elf elf32-littlearm)

.debug_ranges   0x00000000      0x280
 .debug_ranges  0x00000000       0x18 ./system/src/newlib/_exit.o
 .debug_ranges  0x00000018       0x90 ./system/src/newlib/_startup.o
 .debug_ranges  0x000000a8       0x20 ./system/src/newlib/_syscalls.o
 .debug_ranges  0x000000c8       0x18 ./system/src/cortexm/_initialize_hardware.o
 .debug_ranges  0x000000e0       0x10 ./system/src/cortexm/_reset_hardware.o
 .debug_ranges  0x000000f0       0x70 ./system/src/cortexm/exception_handlers.o
 .debug_ranges  0x00000160       0x18 ./system/src/cmsis/system_stm32f10x.o
 .debug_ranges  0x00000178       0x10 ./system/src/cmsis/vectors_stm32f10x.o
 .debug_ranges  0x00000188       0x58 ./src/GPIOS_program.o
 .debug_ranges  0x000001e0       0x20 ./src/RCC_program.o
 .debug_ranges  0x00000200       0x68 ./src/SysTick_Program.o
 .debug_ranges  0x00000268       0x18 ./src/main.o
